[31m[1mRed[22m[39m
[38;2;79;168;61m[1mApple[22m[39m
[31mRed[39m
[38;5;215m[1mOrange256[22m[39m
[31mRed[39m
[38;5;212m[1mPink256[22m[39m
